../Drivers/CMSIS/Include/core_cm4.h:1809:22:__NVIC_SetPriority	16	static
../Core/Src/main.c:92:5:main	8	static,ignoring_inline_asm
../Core/Src/main.c:162:6:SystemClock_Config	96	static
../Core/Src/main.c:223:13:MX_DFSDM1_Init	8	static
../Core/Src/main.c:261:13:MX_I2C2_Init	8	static
../Core/Src/main.c:309:13:MX_QUADSPI_Init	8	static
../Core/Src/main.c:342:13:MX_SPI3_Init	8	static
../Core/Src/main.c:382:13:MX_TIM2_Init	40	static
../Core/Src/main.c:427:13:MX_USART1_UART_Init	8	static
../Core/Src/main.c:462:13:MX_USART3_UART_Init	8	static
../Core/Src/main.c:497:13:MX_USB_OTG_FS_PCD_Init	8	static
../Core/Src/main.c:532:13:MX_GPIO_Init	48	static
../Core/Src/main.c:720:6:Error_Handler	4	static,ignoring_inline_asm
